2013-6-4 -- Error for 11104859: replace -- Line 284
2013-6-13 -- Error for 11104859: The specified account name is already a member of the group -- Line 190
2013-6-13 -- Error for 11104859: The specified account name is already a member of the group -- Line 190
2013-6-13 -- Error for 11104859: Cannot validate argument on parameter 'Identity'. The argument is null. Supply a non-null argument and try the command again. -- Line 264
2013-6-13 -- Error for 11104859: The specified account name is already a member of the group -- Line 190
2013-6-13 -- Error for 11104859: The specified account name is already a member of the group -- Line 190
2013-6-13 -- Error for 11104859: Cannot validate argument on parameter 'Identity'. The argument is null. Supply a non-null argument and try the command again. -- Line 264
2013-6-13 -- Error for 11104859: The specified account name is already a member of the group -- Line 190
2013-6-13 -- Error for 11104859: The specified account name is already a member of the group -- Line 190
2013-6-13 -- Error for 11104859: The specified account name is already a member of the group -- Line 190
2013-6-13 -- Error for 11104859: The specified account name is already a member of the group -- Line 190
2013-6-13 -- Error for 11104859: Cannot convert 'System.Object[]' to the type 'Microsoft.ActiveDirectory.Management.ADGroup' required by parameter 'Identity'. Specified method is not supported. -- Line 267
2013-6-13 -- Error for 11104859: The specified account name is already a member of the group -- Line 190
2013-6-13 -- Error for 11104859: The specified account name is already a member of the group -- Line 190
2013-6-13 -- Error for 11104859: The specified account name is already a member of the group -- Line 190
2013-6-13 -- Error for 11104859: The specified account name is already a member of the group -- Line 190
2013-6-13 -- Error for 11104859: The specified account name is already a member of the group -- Line 190
2013-6-13 -- Error for 11104859: The specified account name is already a member of the group -- Line 190
2013-6-13 -- Error for 11104859: The specified account name is already a member of the group -- Line 190
2013-6-13 -- Error for 11104859: The specified account name is already a member of the group -- Line 190
2013-6-13 -- Error for 11104859: The specified account name is already a member of the group -- Line 190
2013-6-13 -- Error for 11104859: The specified account name is already a member of the group -- Line 190
2013-6-13 -- Error for 11104859: The specified account name is already a member of the group -- Line 190
2013-6-13 -- Error for 11104859: The specified account name is already a member of the group -- Line 190
2013-6-13 -- Error for 11104859: The specified account name is already a member of the group -- Line 190
2013-6-13 -- Error for 11104859: The specified account name is already a member of the group -- Line 190
2013-6-13 -- Error for 11104859: The specified account name is already a member of the group -- Line 190
2013-6-13 -- Error for 11104859: The specified account name is already a member of the group -- Line 190
2013-6-13 -- Error for 11104859: The specified account name is already a member of the group -- Line 190
2013-6-13 -- Error for 11104859: The specified account name is already a member of the group -- Line 190
2013-6-13 -- Error for 11104859: The specified account name is already a member of the group -- Line 190
2013-6-13 -- Error for 11104859: The specified account name is already a member of the group -- Line 190
2013-6-13 -- Error for 11104859: The specified account name is already a member of the group -- Line 190
2013-6-13 -- Error for 11104859: The specified account name is already a member of the group -- Line 190
2013-6-13 -- Error for 11104859: The specified account name is already a member of the group -- Line 190
2013-6-13 -- Error for 11104859: The specified account name is already a member of the group -- Line 190
2013-6-13 -- Error for 11104859: The specified account name is already a member of the group -- Line 190
2013-6-13 -- Error for 11104859: The specified account name is already a member of the group -- Line 190
2013-6-13 -- Error for 11104859: The specified account name is already a member of the group -- Line 190
2013-6-13 -- Error for 11104859: The specified account name is already a member of the group -- Line 190
2013-6-13 -- Error for 11104859: The specified account name is already a member of the group -- Line 190
2013-6-13 -- Error for 11104859: The specified account name is already a member of the group -- Line 190
2013-6-13 -- Error for 11104859: The specified account name is already a member of the group -- Line 190
2013-6-13 -- Error for 11104859: The specified account name is already a member of the group -- Line 190
2013-6-13 -- Error for 11104859: The specified account name is already a member of the group -- Line 190
2013-6-13 -- Error for 11104859: The specified account name is already a member of the group -- Line 190
2013-6-13 -- Error for 11104859: The specified account name is already a member of the group -- Line 190
2013-6-13 -- Error for 11104859: The specified account name is already a member of the group -- Line 190
2013-6-13 -- Error for 11104859: The specified account name is already a member of the group -- Line 190
2013-6-13 -- Error for 11104859: The specified account name is already a member of the group -- Line 190
2013-6-13 -- Error for 11104859: The specified account name is already a member of the group -- Line 190
2013-6-13 -- Error for 11104859: The specified account name is already a member of the group -- Line 190
2013-6-13 -- Error for 11104859: The specified account name is already a member of the group -- Line 190
2013-6-13 -- Error for 11104859: The specified account name is already a member of the group -- Line 190
2013-6-13 -- Error for 11104859: The specified account name is already a member of the group -- Line 190
2013-6-13 -- Error for 11104859: The specified account name is already a member of the group -- Line 190
2013-6-13 -- Error for 11104859: The specified account name is already a member of the group -- Line 190
2013-6-13 -- Error for 11104859: The specified account name is already a member of the group -- Line 190
2013-6-13 -- Error for 11104859: The specified account name is already a member of the group -- Line 190
2013-6-13 -- Error for 11104859: The specified account name is already a member of the group -- Line 190
2013-6-13 -- Error for 11104859: The specified account name is already a member of the group -- Line 190
2013-6-13 -- Error for 11104859: The specified account name is already a member of the group -- Line 190
2013-6-13 -- Error for 11104859: The specified account name is already a member of the group -- Line 190
2013-6-13 -- Error for 11104859: The specified account name is already a member of the group -- Line 190
2013-6-13 -- Error for 11104859: The specified account name is already a member of the group -- Line 190
2013-6-13 -- Error for 11104859: The specified account name is already a member of the group -- Line 190
2013-6-13 -- Error for 11104859: The specified account name is already a member of the group -- Line 190
2013-6-13 -- Error for 11104859: The specified account name is already a member of the group -- Line 190
2013-6-13 -- Error for 11104859: The specified account name is already a member of the group -- Line 190
2013-6-13 -- Error for 11104859: The specified account name is already a member of the group -- Line 190
2013-6-13 -- Error for 11104859: The specified account name is already a member of the group -- Line 190
2013-6-13 -- Error for 11104859: The specified account name is already a member of the group -- Line 190
2013-6-13 -- Error for 11104859: The specified account name is already a member of the group -- Line 190
2013-6-13 -- Error for 11104859: The specified account name is already a member of the group -- Line 190
2013-6-13 -- Error for 11104859: The specified account name is already a member of the group -- Line 190
2013-6-13 -- Error for 11104859: The specified account name is already a member of the group -- Line 190
2013-6-13 -- Error for 11104859: The specified account name is already a member of the group -- Line 190
2013-6-13 -- Error for 11104859: The specified account name is already a member of the group -- Line 190
2013-6-13 -- Error for 11104859: The specified account name is already a member of the group -- Line 190
2013-8-8 -- Error for blanca45: Cannot validate argument on parameter 'Server'. The argument is null or empty. Supply an argument that is not null or empty and then try the command again. -- Line 394
2013-8-8 -- Error for blanca44: Cannot validate argument on parameter 'Server'. The argument is null or empty. Supply an argument that is not null or empty and then try the command again. -- Line 394
2013-8-8 -- Error for blanca45: Cannot validate argument on parameter 'Server'. The argument is null or empty. Supply an argument that is not null or empty and then try the command again. -- Line 394
2013-8-8 -- Error for blanca44: Cannot validate argument on parameter 'Server'. The argument is null or empty. Supply an argument that is not null or empty and then try the command again. -- Line 394
2013-8-8 -- Error for blanca44: Cannot validate argument on parameter 'Server'. The argument is null or empty. Supply an argument that is not null or empty and then try the command again. -- Line 394
2013-8-8 -- Error for blanca45: Cannot validate argument on parameter 'Server'. The argument is null or empty. Supply an argument that is not null or empty and then try the command again. -- Line 394
2013-8-8 -- Error for blanca44: Cannot validate argument on parameter 'Server'. The argument is null or empty. Supply an argument that is not null or empty and then try the command again. -- Line 394
2013-8-8 -- Error for blanca44: Cannot validate argument on parameter 'Server'. The argument is null or empty. Supply an argument that is not null or empty and then try the command again. -- Line 394
